// Jest Snapshot v1, https://goo.gl/fbAQLP

exports[`<Trails /> renders correctly 1`] = `
<ScrollView>
  <View>
    <View>
      <Text
        style={
          {
            "fontFamily": "Questrial-Regular",
            "fontSize": 40,
            "padding": 15,
          }
        }
      >
        Trails
      </Text>
    </View>
  </View>
</ScrollView>
`;
